error: expected identifier
  --> ./tests/ui/invalid_setup.rs:22:40
   |
22 | #[charted_testkit_macros::test(setup = 123)]
   |                                        ^^^

error: expected identifier
  --> ./tests/ui/invalid_setup.rs:27:40
   |
27 | #[charted_testkit_macros::test(setup = [123])]
   |                                        ^

error: expected identifier
  --> ./tests/ui/invalid_setup.rs:32:40
   |
32 | #[charted_testkit_macros::test(setup = [true])]
   |                                        ^
